Archive member included because of file (symbol)

c:/cygwin/bin/../lib/gcc/avr/4.1.1/avr3\libgcc.a(_clear_bss.o)
                              mzctrl.o (__do_clear_bss)

Discarded input sections

 .stabstr       0x00000000        0x0 c:/cygwin/bin/../lib/gcc/avr/4.1.1/../../../../avr/lib/avr3/crtm103.o

Memory Configuration

Name             Origin             Length             Attributes
text             0x00000000         0x00020000         xr
data             0x00800060         0x0000ffa0         rw !x
eeprom           0x00810000         0x00010000         rw !x
*default*        0x00000000         0xffffffff

Linker script and memory map

LOAD c:/cygwin/bin/../lib/gcc/avr/4.1.1/../../../../avr/lib/avr3/crtm103.o
LOAD mzctrl.o
LOAD c:/cygwin/bin/../lib/gcc/avr/4.1.1/avr3\libgcc.a
LOAD c:/cygwin/bin/../lib/gcc/avr/4.1.1/../../../../avr/lib/avr3\libc.a
LOAD c:/cygwin/bin/../lib/gcc/avr/4.1.1/avr3\libgcc.a

.hash
 *(.hash)

.dynsym
 *(.dynsym)

.dynstr
 *(.dynstr)

.gnu.version
 *(.gnu.version)

.gnu.version_d
 *(.gnu.version_d)

.gnu.version_r
 *(.gnu.version_r)

.rel.init
 *(.rel.init)

.rela.init
 *(.rela.init)

.rel.text
 *(.rel.text)
 *(.rel.text.*)
 *(.rel.gnu.linkonce.t*)

.rela.text
 *(.rela.text)
 *(.rela.text.*)
 *(.rela.gnu.linkonce.t*)

.rel.fini
 *(.rel.fini)

.rela.fini
 *(.rela.fini)

.rel.rodata
 *(.rel.rodata)
 *(.rel.rodata.*)
 *(.rel.gnu.linkonce.r*)

.rela.rodata
 *(.rela.rodata)
 *(.rela.rodata.*)
 *(.rela.gnu.linkonce.r*)

.rel.data
 *(.rel.data)
 *(.rel.data.*)
 *(.rel.gnu.linkonce.d*)

.rela.data
 *(.rela.data)
 *(.rela.data.*)
 *(.rela.gnu.linkonce.d*)

.rel.ctors
 *(.rel.ctors)

.rela.ctors
 *(.rela.ctors)

.rel.dtors
 *(.rel.dtors)

.rela.dtors
 *(.rela.dtors)

.rel.got
 *(.rel.got)

.rela.got
 *(.rela.got)

.rel.bss
 *(.rel.bss)

.rela.bss
 *(.rela.bss)

.rel.plt
 *(.rel.plt)

.rela.plt
 *(.rela.plt)

.text           0x00000000       0xda
 *(.vectors)
 .vectors       0x00000000       0x60 c:/cygwin/bin/../lib/gcc/avr/4.1.1/../../../../avr/lib/avr3/crtm103.o
                0x00000000                __vectors
                0x00000000                __vector_default
 *(.vectors)
 *(.progmem.gcc*)
 *(.progmem*)
                0x00000060                . = ALIGN (0x2)
                0x00000060                __trampolines_start = .
 *(.trampolines)
 .trampolines   0x00000060        0x0 linker stubs
 *(.trampolines*)
                0x00000060                __trampolines_end = .
 *(.jumptables)
 *(.jumptables*)
 *(.lowtext)
 *(.lowtext*)
                0x00000060                __ctors_start = .
 *(.ctors)
                0x00000060                __ctors_end = .
                0x00000060                __dtors_start = .
 *(.dtors)
                0x00000060                __dtors_end = .
 SORT(*)(.ctors)
 SORT(*)(.dtors)
 *(.init0)
 .init0         0x00000060        0x0 c:/cygwin/bin/../lib/gcc/avr/4.1.1/../../../../avr/lib/avr3/crtm103.o
                0x00000060                __init
 *(.init0)
 *(.init1)
 *(.init1)
 *(.init2)
 .init2         0x00000060        0xc c:/cygwin/bin/../lib/gcc/avr/4.1.1/../../../../avr/lib/avr3/crtm103.o
 *(.init2)
 *(.init3)
 *(.init3)
 *(.init4)
 .init4         0x0000006c       0x20 c:/cygwin/bin/../lib/gcc/avr/4.1.1/../../../../avr/lib/avr3/crtm103.o
                0x0000006c                __do_copy_data
 .init4         0x0000008c       0x10 c:/cygwin/bin/../lib/gcc/avr/4.1.1/avr3\libgcc.a(_clear_bss.o)
                0x0000008c                __do_clear_bss
 *(.init4)
 *(.init5)
 *(.init5)
 *(.init6)
 *(.init6)
 *(.init7)
 *(.init7)
 *(.init8)
 *(.init8)
 *(.init9)
 .init9         0x0000009c        0x4 c:/cygwin/bin/../lib/gcc/avr/4.1.1/../../../../avr/lib/avr3/crtm103.o
 *(.init9)
 *(.text)
 .text          0x000000a0        0x4 c:/cygwin/bin/../lib/gcc/avr/4.1.1/../../../../avr/lib/avr3/crtm103.o
                0x000000a0                __vector_22
                0x000000a0                __vector_1
                0x000000a0                __vector_12
                0x000000a0                __bad_interrupt
                0x000000a0                __vector_6
                0x000000a0                __vector_3
                0x000000a0                __vector_23
                0x000000a0                __vector_11
                0x000000a0                __vector_13
                0x000000a0                __vector_17
                0x000000a0                __vector_19
                0x000000a0                __vector_7
                0x000000a0                __vector_5
                0x000000a0                __vector_4
                0x000000a0                __vector_9
                0x000000a0                __vector_2
                0x000000a0                __vector_21
                0x000000a0                __vector_15
                0x000000a0                __vector_8
                0x000000a0                __vector_14
                0x000000a0                __vector_10
                0x000000a0                __vector_16
                0x000000a0                __vector_18
                0x000000a0                __vector_20
 .text          0x000000a4       0x36 mzctrl.o
                0x000000a4                main
 .text          0x000000da        0x0 c:/cygwin/bin/../lib/gcc/avr/4.1.1/avr3\libgcc.a(_clear_bss.o)
                0x000000da                . = ALIGN (0x2)
 *(.text.*)
 .text.libgcc   0x000000da        0x0 c:/cygwin/bin/../lib/gcc/avr/4.1.1/avr3\libgcc.a(_clear_bss.o)
                0x000000da                . = ALIGN (0x2)
 *(.fini9)
 *(.fini9)
 *(.fini8)
 *(.fini8)
 *(.fini7)
 *(.fini7)
 *(.fini6)
 *(.fini6)
 *(.fini5)
 *(.fini5)
 *(.fini4)
 *(.fini4)
 *(.fini3)
 *(.fini3)
 *(.fini2)
 *(.fini2)
 *(.fini1)
 *(.fini1)
 *(.fini0)
 *(.fini0)
                0x000000da                _etext = .

.data           0x00800060        0x0 load address 0x000000da
                0x00800060                PROVIDE (__data_start, .)
 *(.data)
 .data          0x00800060        0x0 c:/cygwin/bin/../lib/gcc/avr/4.1.1/../../../../avr/lib/avr3/crtm103.o
 .data          0x00800060        0x0 mzctrl.o
 .data          0x00800060        0x0 c:/cygwin/bin/../lib/gcc/avr/4.1.1/avr3\libgcc.a(_clear_bss.o)
 *(.data*)
 *(.rodata)
 *(.rodata*)
 *(.gnu.linkonce.d*)
                0x00800060                . = ALIGN (0x2)
                0x00800060                _edata = .
                0x00800060                PROVIDE (__data_end, .)

.bss            0x00800060        0x0
                0x00800060                PROVIDE (__bss_start, .)
 *(.bss)
 .bss           0x00800060        0x0 c:/cygwin/bin/../lib/gcc/avr/4.1.1/../../../../avr/lib/avr3/crtm103.o
 .bss           0x00800060        0x0 mzctrl.o
 .bss           0x00800060        0x0 c:/cygwin/bin/../lib/gcc/avr/4.1.1/avr3\libgcc.a(_clear_bss.o)
 *(.bss*)
 *(COMMON)
                0x00800060                PROVIDE (__bss_end, .)
                0x000000da                __data_load_start = LOADADDR (.data)
                0x000000da                __data_load_end = (__data_load_start + SIZEOF (.data))

.noinit         0x00800060        0x0
                0x00800060                PROVIDE (__noinit_start, .)
 *(.noinit*)
                0x00800060                PROVIDE (__noinit_end, .)
                0x00800060                _end = .
                0x00800060                PROVIDE (__heap_start, .)

.eeprom         0x00810000        0x0
 *(.eeprom*)
                0x00810000                __eeprom_end = .

.stab           0x00000000      0x42c
 *(.stab)
 .stab          0x00000000      0x42c c:/cygwin/bin/../lib/gcc/avr/4.1.1/../../../../avr/lib/avr3/crtm103.o

.stabstr        0x00000000       0x84
 *(.stabstr)
 .stabstr       0x00000000       0x84 c:/cygwin/bin/../lib/gcc/avr/4.1.1/../../../../avr/lib/avr3/crtm103.o

.stab.excl
 *(.stab.excl)

.stab.exclstr
 *(.stab.exclstr)

.stab.index
 *(.stab.index)

.stab.indexstr
 *(.stab.indexstr)

.comment
 *(.comment)

.debug
 *(.debug)

.line
 *(.line)

.debug_srcinfo
 *(.debug_srcinfo)

.debug_sfnames
 *(.debug_sfnames)

.debug_aranges  0x00000000       0x20
 *(.debug_aranges)
 .debug_aranges
                0x00000000       0x20 mzctrl.o

.debug_pubnames
                0x00000000       0x1b
 *(.debug_pubnames)
 .debug_pubnames
                0x00000000       0x1b mzctrl.o

.debug_info     0x00000000       0xa9
 *(.debug_info)
 .debug_info    0x00000000       0xa9 mzctrl.o
 *(.gnu.linkonce.wi.*)

.debug_abbrev   0x00000000       0x77
 *(.debug_abbrev)
 .debug_abbrev  0x00000000       0x77 mzctrl.o

.debug_line     0x00000000      0x116
 *(.debug_line)
 .debug_line    0x00000000      0x116 mzctrl.o

.debug_frame    0x00000000       0x20
 *(.debug_frame)
 .debug_frame   0x00000000       0x20 mzctrl.o

.debug_str      0x00000000       0x83
 *(.debug_str)
 .debug_str     0x00000000       0x83 mzctrl.o
                                 0xb7 (size before relaxing)

.debug_loc      0x00000000       0x13
 *(.debug_loc)
 .debug_loc     0x00000000       0x13 mzctrl.o

.debug_macinfo
 *(.debug_macinfo)
OUTPUT(mzctrl.elf elf32-avr)
LOAD linker stubs
